#-----------------------------------------------------------
# Vivado v2025.1 (64-bit)
# SW Build 6140274 on Thu May 22 00:12:29 MDT 2025
# IP Build 6138677 on Thu May 22 03:10:11 MDT 2025
# SharedData Build 6139179 on Tue May 20 17:58:58 MDT 2025
# Start of session at: Thu Oct 30 18:54:42 2025
# Process ID         : 27184
# Current directory  : C:/Users/Public/Xilinx_Vivado_Vitis/simple_logic_gate/simple_logic_gate.runs/impl_1
# Command line       : vivado.exe -log logic_gate_top.vdi -applog -product Vivado -messageDb vivado.pb -mode batch -source logic_gate_top.tcl -notrace
# Log file           : C:/Users/Public/Xilinx_Vivado_Vitis/simple_logic_gate/simple_logic_gate.runs/impl_1/logic_gate_top.vdi
# Journal file       : C:/Users/Public/Xilinx_Vivado_Vitis/simple_logic_gate/simple_logic_gate.runs/impl_1\vivado.jou
# Running On         : LAPTOP-PrashanthPai
# Platform           : Windows Server 2016 or Windows 10
# Operating System   : 26100
# Processor Detail   : 12th Gen Intel(R) Core(TM) i5-1230U
# CPU Frequency      : 1690 MHz
# CPU Physical cores : 10
# CPU Logical cores  : 12
# Host memory        : 8268 MB
# Swap memory        : 9126 MB
# Total Virtual      : 17395 MB
# Available Virtual  : 2203 MB
#-----------------------------------------------------------
source logic_gate_top.tcl -notrace
