#-----------------------------------------------------------
# Vivado v2025.1 (64-bit)
# SW Build 6140274 on Thu May 22 00:12:29 MDT 2025
# IP Build 6138677 on Thu May 22 03:10:11 MDT 2025
# SharedData Build 6139179 on Tue May 20 17:58:58 MDT 2025
# Start of session at: Thu Oct 30 20:50:26 2025
# Process ID         : 28080
# Current directory  : C:/Users/Public/Xilinx_Vivado_Vitis/flip_flop_demo/flip_flop_demo.runs/impl_1
# Command line       : vivado.exe -log flip_flop_demo.vdi -applog -product Vivado -messageDb vivado.pb -mode batch -source flip_flop_demo.tcl -notrace
# Log file           : C:/Users/Public/Xilinx_Vivado_Vitis/flip_flop_demo/flip_flop_demo.runs/impl_1/flip_flop_demo.vdi
# Journal file       : C:/Users/Public/Xilinx_Vivado_Vitis/flip_flop_demo/flip_flop_demo.runs/impl_1\vivado.jou
# Running On         : LAPTOP-PrashanthPai
# Platform           : Windows Server 2016 or Windows 10
# Operating System   : 26100
# Processor Detail   : 12th Gen Intel(R) Core(TM) i5-1230U
# CPU Frequency      : 1690 MHz
# CPU Physical cores : 10
# CPU Logical cores  : 12
# Host memory        : 8268 MB
# Swap memory        : 11137 MB
# Total Virtual      : 19405 MB
# Available Virtual  : 2944 MB
#-----------------------------------------------------------
source flip_flop_demo.tcl -notrace
